***** External Functions *****
1    AdminAskPath                                       iswi.obl(AdminAskPath.obs)
2    AllFeaturesDeselected                              iswi.obl(CompHelperFuncs.obs)
3    CHECK_RETURN                                       iswi.obl(ErrHandler.obs)
4    ChangeDirectory                                    isrt.obl(Files.obs)
5    CloseFile                                          isrt.obl(Files.obs)
6    CmdGetHwndDlg                                      isrt.obl(CustomDialog.obs)
7    ComponentCompareSizeRequired                       isrt.obl(component.obs)
8    ComponentErrorInfo                                 isrt.obl(component.obs)
9    ComponentGetData                                   isrt.obl(component.obs)
10   ComponentGetTotalCost                              isrt.obl(component.obs)
11   ComponentIsItemSelected                            isrt.obl(component.obs)
12   ComponentListItems                                 isrt.obl(component.obs)
13   ComponentReinstall                                 isrt.obl(component.obs)
14   ComponentRemoveAll                                 isrt.obl(component.obs)
15   ComponentSaveTarget                                isrt.obl(component.obs)
16   ComponentSelectItem                                isrt.obl(component.obs)
17   ComponentTransferData                              isrt.obl(component.obs)
18   ComponentTreeInit                                  isrt.obl(Dialogs.obs)
19   CreateDir                                          isrt.obl(Files.obs)
20   CreateFile                                         isrt.obl(Files.obs)
21   CreateInstallationInfo                             isrt.obl(Registry.obs)
22   CtrlGetNotificationCode                            isrt.obl(CustomDialog.obs)
23   CtrlGetState                                       isrt.obl(CustomDialog.obs)
24   CtrlGetSubCommand                                  isrt.obl(CustomDialog.obs)
25   CtrlGetText                                        isrt.obl(CustomDialog.obs)
26   CtrlSelectText                                     isrt.obl(CustomDialog.obs)
27   CtrlSetList                                        isrt.obl(CustomDialog.obs)
28   CtrlSetState                                       isrt.obl(CustomDialog.obs)
29   CtrlSetText                                        isrt.obl(CustomDialog.obs)
30   DefineDialog                                       isrt.obl(CustomDialog.obs)
31   DeleteFile                                         isrt.obl(Files.obs)
32   DeleteSingleFile                                   isrt.obl(Files.obs)
33   DialogSetDefaultFont                               isrt.obl(Dialogs.obs)
34   DialogSetFont                                      isrt.obl(Dialogs.obs)
35   DialogSetInfo                                      isrt.obl(Dialogs.obs)
36   Disable                                            isrt.obl(Enable.obs)
37   DllSizeOf                                          isrt.obl(Str.obs)
38   Do                                                 isrt.obl(Misc.obs)
39   Enable                                             isrt.obl(Enable.obs)
40   EndCurrentDialog                                   isrt.obl(Dialogs.obs)
41   EndDialog                                          isrt.obl(CustomDialog.obs)
42   ExistsDir                                          isrt.obl(Files.obs)
43   EzDefineDialog                                     isrt.obl(CustomDialog.obs)
44   FeatureCompareSizeRequired                         iswi.obl(FeatureConv.obs)
45   FeatureErrorInfo                                   iswi.obl(ComponentConv.obs)
46   FeatureFilterLanguage                              iswi.obl(ComponentConv.obs)
47   FeatureFilterOS                                    iswi.obl(ComponentConv.obs)
48   FeatureGetData                                     iswi.obl(ComponentConv.obs)
49   FeatureGetTotalCost                                iswi.obl(FeatureConv.obs)
50   FeatureIsItemSelected                              iswi.obl(ComponentConv.obs)
51   FeatureListItems                                   iswi.obl(ComponentConv.obs)
52   FeatureReinstall                                   iswi.obl(ComponentConv.obs)
53   FeatureRemoveAll                                   iswi.obl(ComponentConv.obs)
54   FeatureSaveTarget                                  iswi.obl(FeatureConv.obs)
55   FeatureSelectItem                                  iswi.obl(ComponentConv.obs)
56   FeatureSetupTypeSet                                iswi.obl(ComponentConv.obs)
57   FeatureStandardSetupTypeSet                        iswi.obl(FeatureConv.obs)
58   FeatureTransferData                                iswi.obl(ComponentConv.obs)
59   FeaturesInstalled                                  iswi.obl(FileTransferFuncsConv.obs)
60   FeaturesInstalling                                 iswi.obl(FileTransferFuncsConv.obs)
61   FindFile                                           isrt.obl(Files.obs)
62   FindWindow                                         isrt.obl(Misc.obs)
63   FormatMessage                                      isrt.obl(Misc.obs)
64   GDI32.CreateRectRgn                                setup.obs
65   GDI32.GetDeviceCaps                                setup.obs
66   GeneratedMSIScript                                 iswi.obl(FileTransferFuncsConv.obs)
67   GeneratingMSIScript                                iswi.obl(FileTransferFuncsConv.obs)
68   GetBasicMSI                                        isrt.obl(SysVars.obs)
69   GetBillboard                                       isrt.obl(SysVars.obs)
70   GetComponentsFeatures                              iswi.obl(CompHelperFuncs.obs)
71   GetCurrentDialogName                               isrt.obl(Dialogs.obs)
72   GetCurrentDir                                      isrt.obl(Files.obs)
73   GetDialogTitle                                     isrt.obl(Dialogs.obs)
74   GetDir                                             isrt.obl(Str.obs)
75   GetDisk                                            isrt.obl(Str.obs)
76   GetDiskSpace                                       isrt.obl(GSI.obs)
77   GetDiskSpaceEx                                     isrt.obl(GSI.obs)
78   GetEnabledIServices                                isrt.obl(SysVars.obs)
79   GetExtents                                         isrt.obl(GSI.obs)
80   GetFolderApplications                              isrt.obl(SysVars.obs)
81   GetFolderApplications64                            isrt.obl(SysVars.obs)
82   GetFolderDotNet10                                  isrt.obl(SysVars.obs)
83   GetFolderDotNet11                                  isrt.obl(SysVars.obs)
84   GetFolderDotNet20                                  isrt.obl(SysVars.obs)
85   GetISRes                                           isrt.obl(SysVars.obs)
86   GetInstallScriptMSIEEUI                            isrt.obl(SysVars.obs)
87   GetKeyPathWinCurrVerAuto                           isrt.obl(SysVars.obs)
88   GetMSIFeatureName                                  iswi.obl(CompHelperFuncs.obs)
89   GetMaintenance                                     iswi.obl(ISWiInit.obs)
90   GetMsiFeaturePath                                  iswi.obl(CompHelperFuncs.obs)
91   GetMsiNameFromAliasTable                           iswi.obl(CompHelperFuncs.obs)
92   GetOpenFileMode                                    isrt.obl(Files.obs)
93   GetPackageLocation                                 isrt.obl(SysVars.obs)
94   GetProductGUID                                     iswi.obl(ISWiInit.obs)
95   GetProfString                                      isrt.obl(Profile.obs)
96   GetReinstallMode                                   isrt.obl(SysVars.obs)
97   GetRemoveAllMode                                   isrt.obl(SysVars.obs)
98   GetRemoveOnly                                      isrt.obl(SysVars.obs)
99   GetSelectedLanguage                                isrt.obl(SysVars.obs)
100  GetSelectedTreeComponent                           isrt.obl(CmptView.obs)
101  GetSupportDir                                      isrt.obl(SysVars.obs)
102  GetSystemInfo                                      isrt.obl(GSI.obs)
103  GetTempFolder                                      isrt.obl(SysVars.obs)
104  GetUserSelectableAuto                              isrt.obl(SysVars.obs)
105  GetValidDrivesList                                 isrt.obl(GSI.obs)
106  GetWinDir                                          isrt.obl(SysVars.obs)
107  GetWinSysDir                                       isrt.obl(SysVars.obs)
108  GetWindowHandle                                    iswi.obl(MiscConv.obs)
109  HIWORD                                             isrt.obl(Misc.obs)
110  ISDeterminePlatform                                isrt.obl(OsInfo.obs)
111  ISMIF32.InstallStatusMIF                           isrt.obl(MIF.obs)
112  ISRT.ComponentViewSetInfoEx                        isrt.obl(Dialogs.obs)
113  ISRT.EnableHourGlass                               isrt.obl(Enable.obs)
114  ISRT.GetCPUType                                    isrt.obl(GSI.obs)
115  ISRT.GetFontSub                                    isrt.obl(Dialogs.obs)
116  ISRT.GetHandle                                     setup.obs
117  ISRT.GetPorts                                      isrt.obl(GSI.obs)
118  ISRT.IsEmpty                                       setup.obs
119  ISRT.IsNTAdmin                                     isrt.obl(Is.obs)
120  ISRT.IsObject                                      setup.obs
121  ISRT.IsPowerUser                                   isrt.obl(Is.obs)
122  ISRT.LangLoadString                                isrt.obl(SDINT.obs)
123  ISRT.MessageBeepP                                  setup.obs
124  ISRT.PathCompactPathPixel                          isrt.obl(CustomDialog.obs)
125  ISRT.PathGetDir                                    isrt.obl(Str.obs)
126  ISRT.PathGetDrive                                  isrt.obl(Str.obs)
127  ISRT.PathGetFile                                   isrt.obl(Files.obs)
128  ISRT.PathGetFileExt                                isrt.obl(Str.obs)
129  ISRT.PathGetFileName                               isrt.obl(Str.obs)
130  ISRT.PathGetPath                                   isrt.obl(Str.obs)
131  ISRT.PathIsValidSyntax                             isrt.obl(Is.obs)
132  ISRT.VerGetFileVersion                             setup.obs
133  ISRT._BrowseForFolder                              isrt.obl(SelectDir.obs)
134  ISRT._CloseFile                                    isrt.obl(Files.obs)
135  ISRT._CmdGetHwndDlg                                isrt.obl(CustomDialog.obs)
136  ISRT._ComponentCompareSizeRequired                 iswi.obl(FeatureConv.obs)
137  ISRT._ComponentGetTotalCost                        iswi.obl(FeatureConv.obs)
138  ISRT._ComponentGetTotalCostEx                      isrt.obl(SdComponentTreeDlg.obs)
139  ISRT._ComponentSaveTarget                          iswi.obl(FeatureConv.obs)
140  ISRT._CreateDir                                    isrt.obl(Files.obs)
141  ISRT._CtrlGetNotificationCode                      isrt.obl(CustomDialog.obs)
142  ISRT._CtrlGetSubCommand                            isrt.obl(CustomDialog.obs)
143  ISRT._DefineDialog                                 isrt.obl(CustomDialog.obs)
144  ISRT._DialogSetFont                                isrt.obl(Dialogs.obs)
145  ISRT._DisableStatus                                isrt.obl(Enable.obs)
146  ISRT._DoSprintf                                    iswi.obl(HelperFuncs.obs)
147  ISRT._EnableDialogCache                            isrt.obl(Enable.obs)
148  ISRT._EnablePrevDialog                             iswi.obl(AdminAskPath.obs)
149  ISRT._EnableSkins                                  isrt.obl(Enable.obs)
150  ISRT._EnableStatus                                 isrt.obl(Enable.obs)
151  ISRT._EnableWow64FsRedirection                     isrt.obl(Enable.obs)
152  ISRT._EndDialog                                    isrt.obl(CustomDialog.obs)
153  ISRT._ExistsDir                                    isrt.obl(Files.obs)
154  ISRT._ExistsFile                                   isrt.obl(Files.obs)
155  ISRT._GetCurrentDialogName                         isrt.obl(Dialogs.obs)
156  ISRT._GetDiskSpaceEx                               isrt.obl(GSI.obs)
157  ISRT._GetDiskSpaceExEx                             isrt.obl(SdComponentTreeDlg.obs)
158  ISRT._GetGlobalMemorySize                          isrt.obl(GSI.obs)
159  ISRT._GetProcessorInfo                             isrt.obl(OsInfo.obs)
160  ISRT._GetSelectedTreeComponent                     isrt.obl(CmptView.obs)
161  ISRT._GetSupportDir                                isrt.obl(SysVars.obs)
162  ISRT._IsFontTypefaceNameAvailable                  isrt.obl(Is.obs)
163  ISRT._IsInAdminGroup                               isrt.obl(Is.obs)
164  ISRT._IsSkinLoaded                                 isrt.obl(Is.obs)
165  ISRT._IsWindowsME                                  isrt.obl(GSI.obs)
166  ISRT._IsWow64                                      isrt.obl(OsInfo.obs)
167  ISRT._ListAddItem                                  isrt.obl(scrlist.obs)
168  ISRT._ListAddString                                isrt.obl(scrlist.obs)
169  ISRT._ListCount                                    isrt.obl(scrlist.obs)
170  ISRT._ListCreate                                   isrt.obl(scrlist.obs)
171  ISRT._ListCurrentString                            isrt.obl(scrlist.obs)
172  ISRT._ListDeleteItem                               isrt.obl(scrlist.obs)
173  ISRT._ListDeleteString                             isrt.obl(scrlist.obs)
174  ISRT._ListDestroy                                  isrt.obl(scrlist.obs)
175  ISRT._ListFindString                               isrt.obl(scrlist.obs)
176  ISRT._ListGetFirstItem                             isrt.obl(scrlist.obs)
177  ISRT._ListGetFirstString                           isrt.obl(scrlist.obs)
178  ISRT._ListGetNextItem                              isrt.obl(scrlist.obs)
179  ISRT._ListGetNextString                            isrt.obl(scrlist.obs)
180  ISRT._ListGetType                                  isrt.obl(scrlist.obs)
181  ISRT._ListSetIndex                                 isrt.obl(scrlist.obs)
182  ISRT._MediaGetInfo                                 iswi.obl(FeatureConv.obs)
183  ISRT._OpenFile                                     isrt.obl(Files.obs)
184  ISRT._Preprogram                                   setup.obs
185  ISRT._RegCreateKey                                 isrt.obl(Registry.obs)
186  ISRT._RegDeleteKey                                 isrt.obl(Registry.obs)
187  ISRT._RegEnableTextSubs                            isrt.obl(Enable.obs)
188  ISRT._RegExistsKey                                 isrt.obl(Registry.obs)
189  ISRT._RegGetOptions                                isrt.obl(SysVars.obs)
190  ISRT._RegIsRemoteRegConnected                      isrt.obl(Is.obs)
191  ISRT._RegQueryKeyBinaryValue                       isrt.obl(Registry.obs)
192  ISRT._RegQueryKeyValue                             isrt.obl(Registry.obs)
193  ISRT._RegSetKeyBinaryValue                         isrt.obl(Registry.obs)
194  ISRT._RegSetKeyValue                               isrt.obl(Registry.obs)
195  ISRT._RegSetOptions                                isrt.obl(SysVars.obs)
196  ISRT._ReleaseDialog                                isrt.obl(CustomDialog.obs)
197  ISRT._SdShowMsg                                    isrt.obl(SDSMSG.obs)
198  ISRT._SetAltMainImage                              isrt.obl(Dialogs.obs)
199  ISRT._SetDisplayEffect                             isrt.obl(ui.obs)
200  ISRT._SetSilentSdShowMsg                           isrt.obl(Enable.obs)
201  ISRT._SetTitle                                     isrt.obl(ui.obs)
202  ISRT._SetupTraceWrite                              isrt.obl(Misc.obs)
203  ISRT._TreeViewCreate                               isrt.obl(CmptView.obs)
204  ISRT._WaitOnDialog                                 isrt.obl(CustomDialog.obs)
205  ISRT._WriteLine                                    isrt.obl(Files.obs)
206  ISRT.__CreateObjectContext                         isrt.obl(ISRTInit.obs)
207  ISRT.__GetCmdLineOptions                           isrt.obl(ISRTInit.obs)
208  ISRT.__GetContextGUID                              isrt.obl(ISRTInit.obs)
209  ISRT.__GetEnabledIServices                         isrt.obl(SysVars.obs)
210  ISRT.__GetFileRegistrar                            isrt.obl(ISRTInit.obs)
211  ISRT.__GetISMSIStringTableObj                      iswi.obl(ISWiInit.obs)
212  ISRT.__GetInfo                                     isrt.obl(ISRTInit.obs)
213  ISRT.__GetInstallGuid                              isrt.obl(SysVars.obs)
214  ISRT.__GetLogDB                                    isrt.obl(ISRTInit.obs)
215  ISRT.__GetMainWindow                               setup.obs
216  ISRT.__GetMaintOption                              isrt.obl(SysVars.obs)
217  ISRT.__GetMaintenanceMode                          isrt.obl(SysVars.obs)
218  ISRT.__GetObjects                                  isrt.obl(ISRTInit.obs)
219  ISRT.__GetProductGuid                              isrt.obl(SysVars.obs)
220  ISRT.__GetProgress                                 setup.obs
221  ISRT.__GetReboot                                   isrt.obl(ISRTInit.obs)
222  ISRT.__GetReinstallMode                            isrt.obl(SysVars.obs)
223  ISRT.__GetRemoveAllMode                            isrt.obl(SysVars.obs)
224  ISRT.__GetTextSub                                  isrt.obl(ISRTInit.obs)
225  ISRT.__GetUpdateMode                               isrt.obl(SysVars.obs)
226  ISRT.__PutEnabledIServices                         isrt.obl(Enable.obs)
227  ISRT.__ReleaseObjectContext                        isrt.obl(ISRTInit.obs)
228  ISRT.__RestoreMainLog                              isrt.obl(ISRTInit.obs)
229  ISRT.__RestoreMainLogEx                            isrt.obl(ISRTInit.obs)
230  ISRT.__SetComponentLog                             isrt.obl(ISRTInit.obs)
231  ISRT.__SetUpdateMode                               isrt.obl(SysVars.obs)
232  ISRTHandleScriptException                          isrt.obl(Misc.obs)
233  ISRTPreprogram                                     isrt.obl(Driver.obs)
234  ISWIOnAppSearch                                    iswi.obl(DriverConv.obs)
235  ISWIOnCCPSearch                                    iswi.obl(DriverConv.obs)
236  ISWIOnExitInstall                                  iswi.obl(DriverConv.obs)
237  ISWIOnFirstUIAfter                                 iswi.obl(DriverConv.obs)
238  ISWIOnFirstUIBefore                                iswi.obl(DriverConv.obs)
239  ISWIOnInitInstall                                  iswi.obl(DriverConv.obs)
240  ISWIOnMaintUIAfter                                 iswi.obl(DriverConv.obs)
241  ISWIOnMaintUIBefore                                iswi.obl(DriverConv.obs)
242  ISWIOnMoveData                                     iswi.obl(DriverConv.obs)
243  ISWIOnMoveDataPostInstall                          iswi.obl(DriverConv.obs)
244  ISWIOnMoveDataPreInstall                           iswi.obl(DriverConv.obs)
245  ISWIOnResumeUIAfter                                iswi.obl(DriverConv.obs)
246  ISWIOnResumeUIBefore                               iswi.obl(DriverConv.obs)
247  ISWIPostprogram                                    iswi.obl(DriverConv.obs)
248  ISWIPreprogram                                     iswi.obl(DriverConv.obs)
249  InstallFilesActionAfter                            iswi.obl(FileTransferFuncsConv.obs)
250  InstallFilesActionBefore                           iswi.obl(FileTransferFuncsConv.obs)
251  Is                                                 isrt.obl(Is.obs)
252  IsTestSetup                                        iswi.obl(HelperFuncs.obs)
253  KERNEL.GetModuleHandle                             setup.obs
254  KERNEL32.CloseHandle                               setup.obs
255  KERNEL32.CreateFileA                               setup.obs
256  KERNEL32.DeleteFileA                               setup.obs
257  KERNEL32.FindClose                                 setup.obs
258  KERNEL32.FindFirstFileA                            setup.obs
259  KERNEL32.FindNextFileA                             setup.obs
260  KERNEL32.FormatMessageA                            setup.obs
261  KERNEL32.FreeLibrary                               setup.obs
262  KERNEL32.GetCurrentDirectoryA                      setup.obs
263  KERNEL32.GetDriveType                              setup.obs
264  KERNEL32.GetFileAttributesA                        setup.obs
265  KERNEL32.GetLocalTime                              setup.obs
266  KERNEL32.GetLocaleInfo                             setup.obs
267  KERNEL32.GetPrivateProfileString                   setup.obs
268  KERNEL32.GetPrivateProfileStringA                  setup.obs
269  KERNEL32.GetProcAddress                            setup.obs
270  KERNEL32.GetProfileStringA                         setup.obs
271  KERNEL32.GetSystemDefaultLCID                      setup.obs
272  KERNEL32.GetSystemDefaultLangID                    setup.obs
273  KERNEL32.GetSystemDefaultUILanguage                setup.obs
274  KERNEL32.GetUserDefaultLangID                      setup.obs
275  KERNEL32.GetVersion                                setup.obs
276  KERNEL32.GetVersionEx                              setup.obs
277  KERNEL32.GetVolumeInformation                      setup.obs
278  KERNEL32.GetWindowsDirectory                       setup.obs
279  KERNEL32.LoadLibraryA                              setup.obs
280  KERNEL32.SetCurrentDirectoryA                      setup.obs
281  KERNEL32.SetFileAttributesA                        setup.obs
282  KERNEL32.WritePrivateProfileString                 setup.obs
283  KERNEL32.lstrlen                                   setup.obs
284  Kernel32.GetModuleHandleA                          iswi.obl(ComponentConv.obs)
285  LOWORD                                             isrt.obl(Misc.obs)
286  LaunchAppAndWaitInitStartupInfo                    isrt.obl(Extend.obs)
287  LaunchApplicationInit                              isrt.obl(Extend.obs)
288  ListAddItem                                        isrt.obl(scrlist.obs)
289  ListAddString                                      isrt.obl(scrlist.obs)
290  ListCount                                          isrt.obl(scrlist.obs)
291  ListCreate                                         isrt.obl(scrlist.obs)
292  ListCurrentString                                  isrt.obl(scrlist.obs)
293  ListDeleteItem                                     isrt.obl(scrlist.obs)
294  ListDeleteString                                   isrt.obl(scrlist.obs)
295  ListDestroy                                        isrt.obl(scrlist.obs)
296  ListFindString                                     isrt.obl(scrlist.obs)
297  ListGetFirstItem                                   isrt.obl(scrlist.obs)
298  ListGetFirstString                                 isrt.obl(scrlist.obs)
299  ListGetLastString                                  iswi.obl(CompHelperFuncs.obs)
300  ListGetNextItem                                    isrt.obl(scrlist.obs)
301  ListGetNextString                                  isrt.obl(scrlist.obs)
302  ListGetType                                        isrt.obl(scrlist.obs)
303  ListSetIndex                                       isrt.obl(scrlist.obs)
304  ListValid                                          isrt.obl(scrlist.obs)
305  ListValidType                                      isrt.obl(scrlist.obs)
306  LoadStringFromStringTable                          iswi.obl(ISWiInit.obs)
307  LongPathToQuote                                    isrt.obl(Str.obs)
308  MAKELONG                                           isrt.obl(Misc.obs)
309  MIFCreateMIFFile                                   isrt.obl(MIF.obs)
310  MIFDeleteMIFFile                                   isrt.obl(MIF.obs)
311  MIFInitialize                                      isrt.obl(MIF.obs)
312  MIFSetInformation                                  isrt.obl(MIF.obs)
313  MIFUnInitialize                                    isrt.obl(MIF.obs)
314  MIFWasSetInformationCalled                         isrt.obl(MIF.obs)
315  MediaGetDataEx                                     iswi.obl(FeatureConv.obs)
316  MessageBeep                                        isrt.obl(Misc.obs)
317  MessageBox                                         isrt.obl(MsgBox.obs)
318  MessageBoxEx                                       isrt.obl(MsgBox.obs)
319  Moved                                              iswi.obl(FileTransferFuncsConv.obs)
320  Moving                                             iswi.obl(FileTransferFuncsConv.obs)
321  MsiCloseHandle                                     iswi.obl(MsiFuncsConv.obs)
322  MsiCreateRecord                                    iswi.obl(MsiFuncsConv.obs)
323  MsiDatabaseOpenView                                iswi.obl(MsiFuncsConv.obs)
324  MsiDoAction                                        iswi.obl(MsiFuncsConv.obs)
325  MsiGetActiveDatabase                               iswi.obl(MsiFuncsConv.obs)
326  MsiGetProperty                                     iswi.obl(MsiFuncsConv.obs)
327  MsiGetPropertyIS                                   iswi.obl(MsiFuncsConv.obs)
328  MsiGetSourcePath                                   iswi.obl(MsiFuncsConv.obs)
329  MsiGetTargetPath                                   iswi.obl(MsiFuncsConv.obs)
330  MsiInstallProduct                                  iswi.obl(MsiFuncsConv.obs)
331  MsiProcessMessage                                  iswi.obl(MsiFuncsConv.obs)
332  MsiQueryFeatureState                               iswi.obl(MsiFuncsConv.obs)
333  MsiRecordGetInteger                                iswi.obl(MsiFuncsConv.obs)
334  MsiRecordGetString                                 iswi.obl(MsiFuncsConv.obs)
335  MsiRecordSetString                                 iswi.obl(MsiFuncsConv.obs)
336  MsiSetProperty                                     iswi.obl(MsiFuncsConv.obs)
337  MsiSetTargetPath                                   iswi.obl(MsiFuncsConv.obs)
338  MsiViewExecute                                     iswi.obl(MsiFuncsConv.obs)
339  MsiViewFetch                                       iswi.obl(MsiFuncsConv.obs)
340  OnAbort                                            iswi.obl(DriverConv.obs)
341  OnAction                                           iswi.obl(ISWiInit.obs)
342  OnAdminInstallUIAfter                              iswi.obl(DriverConv.obs)
343  OnAdminInstallUIBefore                             iswi.obl(DriverConv.obs)
344  OnAdminPatchUIAfter                                iswi.obl(DriverConv.obs)
345  OnAdminPatchUIBefore                               iswi.obl(DriverConv.obs)
346  OnAdvertisementAfter                               iswi.obl(DriverConv.obs)
347  OnAdvertisementBefore                              iswi.obl(DriverConv.obs)
348  OnAppSearch                                        iswi.obl(DriverConv.obs)
349  OnBegin                                            iswi.obl(DriverConv.obs)
350  OnCCPSearch                                        iswi.obl(DriverConv.obs)
351  OnCanceling                                        iswi.obl(DriverConv.obs)
352  OnComponentError                                   iswi.obl(Exceptions.obs)
353  OnDIFxLogCallback                                  isrt.obl(ISDIFx.obs)
354  OnDIFxLogCallbackImpl                              isrt.obl(ISDIFx.obs)
355  OnEnd                                              iswi.obl(DriverConv.obs)
356  OnError                                            iswi.obl(DriverConv.obs)
357  OnException                                        iswi.obl(Exceptions.obs)
358  OnFeaturesInstalled                                iswi.obl(FileTransferFuncsConv.obs)
359  OnFeaturesInstalling                               iswi.obl(FileTransferFuncsConv.obs)
360  OnFileError                                        iswi.obl(Exceptions.obs)
361  OnFileLocked                                       iswi.obl(Exceptions.obs)
362  OnFileReadOnly                                     iswi.obl(Exceptions.obs)
363  OnFilesInUse                                       iswi.obl(DriverConv.obs)
364  OnFirstUIAfter                                     iswi.obl(DriverConv.obs)
365  OnFirstUIBefore                                    iswi.obl(DriverConv.obs)
366  OnFirstUIBeforeValueAddedServices                  iswi.obl(DriverConv.obs)
367  OnGeneratedMSIScript                               iswi.obl(FileTransferFuncsConv.obs)
368  OnGeneratingMSIScript                              iswi.obl(FileTransferFuncsConv.obs)
369  OnHelp                                             iswi.obl(DriverConv.obs)
370  OnInstallFilesActionAfter                          iswi.obl(FileTransferFuncsConv.obs)
371  OnInstallFilesActionBefore                         iswi.obl(FileTransferFuncsConv.obs)
372  OnInternetError                                    iswi.obl(Exceptions.obs)
373  OnLaunchAppAndWaitCallback                         iswi.obl(DriverConv.obs)
374  OnLogonUserSetMsiProperties                        iswi.obl(DriverConv.obs)
375  OnMD5Error                                         iswi.obl(Exceptions.obs)
376  OnMaintUIAfter                                     iswi.obl(DriverConv.obs)
377  OnMaintUIBefore                                    iswi.obl(DriverConv.obs)
378  OnMaintenance                                      iswi.obl(DriverConv.obs)
379  OnMoved                                            iswi.obl(FileTransferFuncsConv.obs)
380  OnMoving                                           iswi.obl(FileTransferFuncsConv.obs)
381  OnMsiSilentInstall                                 iswi.obl(DriverConv.obs)
382  OnNetApiCreateUserAccountInternal                  isrt.obl(NetApiRT.obs)
383  OnNextDisk                                         iswi.obl(Exceptions.obs)
384  OnOutOfDiskSpace                                   iswi.obl(DriverConv.obs)
385  OnPatchUIAfter                                     iswi.obl(DriverConv.obs)
386  OnPatchUIBefore                                    iswi.obl(DriverConv.obs)
387  OnRMFilesInUse                                     iswi.obl(DriverConv.obs)
388  OnRebooted                                         iswi.obl(DriverConv.obs)
389  OnRemovingSharedFile                               iswi.obl(Exceptions.obs)
390  OnResolveSource                                    iswi.obl(DriverConv.obs)
391  OnResume                                           iswi.obl(DriverConv.obs)
392  OnResumeUIAfter                                    iswi.obl(DriverConv.obs)
393  OnResumeUIBefore                                   iswi.obl(DriverConv.obs)
394  OnSQLLogin                                         iswi.obl(DriverConv.obs)
395  OnSelfRegistrationError                            iswi.obl(Exceptions.obs)
396  OnUnhandledException                               iswi.obl(DriverConv.obs)
397  OnUninstall                                        iswi.obl(DriverConv.obs)
398  OnUpdateService                                    iswi.obl(DriverConv.obs)
399  OnWarning                                          iswi.obl(DriverConv.obs)
400  OpenFile                                           isrt.obl(Files.obs)
401  OpenFileMode                                       isrt.obl(Files.obs)
402  ParsePath                                          isrt.obl(Str.obs)
403  PostShowComponentDlg                               iswi.obl(ISWiInit.obs)
404  Postprogram                                        iswi.obl(DriverConv.obs)
405  PreShowComponentDlg                                iswi.obl(ISWiInit.obs)
406  Preprogram                                         iswi.obl(DriverConv.obs)
407  ProgramEeuiPostInstall                             iswi.obl(DriverConv.obs)
408  ProgramEeuiPreInstall                              iswi.obl(DriverConv.obs)
409  PthFixPath                                         isrt.obl(Pth.obs)
410  PthIsAbsPath                                       isrt.obl(Pth.obs)
411  RebootNeeded                                       iswi.obl(FileTransferFuncsConv.obs)
412  RedirectMsiCloseHandle                             iswi.obl(RedirectedMsiFuncsConv.obs)
413  RedirectMsiCreateRecord                            iswi.obl(RedirectedMsiFuncsConv.obs)
414  RedirectMsiGetActiveDatabase                       iswi.obl(RedirectedMsiFuncsConv.obs)
415  RedirectMsiProcessMessage                          iswi.obl(RedirectedMsiFuncsConv.obs)
416  RedirectMsiRecordGetInteger                        iswi.obl(RedirectedMsiFuncsConv.obs)
417  RedirectMsiViewExecute                             iswi.obl(RedirectedMsiFuncsConv.obs)
418  RedirectMsiViewFetch                               iswi.obl(RedirectedMsiFuncsConv.obs)
419  RegDBCreateKeyEx                                   isrt.obl(Registry.obs)
420  RegDBDeleteKey                                     isrt.obl(Registry.obs)
421  RegDBGetItem                                       isrt.obl(Registry.obs)
422  RegDBGetKeyValueEx                                 isrt.obl(Registry.obs)
423  RegDBKeyExist                                      isrt.obl(Registry.obs)
424  RegDBQueryValue                                    isrt.obl(Registry.obs)
425  RegDBQueryValue32                                  isrt.obl(Registry.obs)
426  RegDBSetDefaultRoot                                isrt.obl(SysVars.obs)
427  RegDBSetKeyValueEx                                 isrt.obl(Registry.obs)
428  RegDBSetValue                                      isrt.obl(Registry.obs)
429  RegisterReference                                  setup.obs
430  ReleaseDialog                                      isrt.obl(CustomDialog.obs)
431  RemoveSpaces                                       iswi.obl(HelperFuncs.obs)
432  ResolveShellObjectsFolder                          iswi.obl(CompHelperFuncs.obs)
433  SdAskDestPath                                      isrt.obl(SdAskDestPathDlg.obs)
434  SdCloseDlg                                         isrt.obl(SDINT.obs)
435  SdComponentDlgCheckSpace                           isrt.obl(SDINT.obs)
436  SdDlgToTop                                         isrt.obl(SDINT.obs)
437  SdDoStdButton                                      isrt.obl(SDINT.obs)
438  SdEnablement                                       isrt.obl(SDINT.obs)
439  SdError                                            isrt.obl(SDINT.obs)
440  SdFeatureTree                                      isrt.obl(SdComponentTreeDlg.obs)
441  SdFilesInUse                                       isrt.obl(SdFilesInUse.obs)
442  SdFinish                                           isrt.obl(SdFinishDlg.obs)
443  SdFinishReboot                                     isrt.obl(SdFinishRebootDlg.obs)
444  SdGeneralInit                                      isrt.obl(SDINT.obs)
445  SdInit                                             isrt.obl(SDINT.obs)
446  SdInstallYahooToolbar                              isrt.obl(ISYahooToolbar.obs)
447  SdIsStdButton                                      isrt.obl(SDINT.obs)
448  SdLoadString                                       isrt.obl(SDINT.obs)
449  SdMakeName                                         isrt.obl(SDINT.obs)
450  SdOutOfDiskSpace                                   iswi.obl(SdDiskReqs.obs)
451  SdPatchWelcome                                     iswi.obl(SdPatchWel.obs)
452  SdPlugInProductName                                isrt.obl(SDINT.obs)
453  SdRMFilesInUse                                     isrt.obl(SdFilesInUse.obs)
454  SdRegisterUser                                     isrt.obl(SdRegisterUserDlg.obs)
455  SdSetDlgTitle                                      isrt.obl(SDINT.obs)
456  SdSetStatic                                        isrt.obl(SDINT.obs)
457  SdSetupCompleteError                               iswi.obl(SdSetupCompleteError.obs)
458  SdShowMsg                                          isrt.obl(SDSMSG.obs)
459  SdStartCopy2                                       isrt.obl(SdStartCopy2Dlg.obs)
460  SdSubstituteProductInfo                            isrt.obl(SDINT.obs)
461  SdUnInit                                           isrt.obl(SDINT.obs)
462  SdWelcome                                          isrt.obl(SdWelcomeDlg.obs)
463  SdWelcomeMaint                                     isrt.obl(SdWelcomeMaintDlg.obs)
464  SelectDir                                          isrt.obl(SelectDir.obs)
465  SelectDirNoLog                                     isrt.obl(SelectDir.obs)
466  SendMessage                                        isrt.obl(Misc.obs)
467  ServiceInitParams                                  isrt.obl(Service.obs)
468  SetCmdLine                                         isrt.obl(SysVars.obs)
469  SetDisplayEffect                                   isrt.obl(ui.obs)
470  SetExtendedErrInfo                                 isrt.obl(IsUtil.obs)
471  SetGlobalVars                                      iswi.obl(ISWiInit.obs)
472  SetInstallationInfo                                isrt.obl(Registry.obs)
473  SetMifInformationOnly                              isrt.obl(Registry.obs)
474  SetStatusExStaticText                              isrt.obl(ui.obs)
475  SetStatusWindow                                    isrt.obl(ui.obs)
476  SetTitle                                           isrt.obl(ui.obs)
477  SetupTraceWrite                                    isrt.obl(Misc.obs)
478  SetupType2                                         isrt.obl(SetupType2Dlg.obs)
479  SilentDoGeneralInfo                                isrt.obl(Silent.obs)
480  SilentFailed                                       isrt.obl(Silent.obs)
481  SilentFinish                                       isrt.obl(Silent.obs)
482  SilentInit                                         isrt.obl(Silent.obs)
483  SilentReadData                                     isrt.obl(Silent.obs)
484  SilentSetInfo                                      isrt.obl(Silent.obs)
485  SilentSetMode                                      isrt.obl(Silent.obs)
486  SilentWriteData                                    isrt.obl(Silent.obs)
487  Sprintf                                            isrt.obl(Str.obs)
488  SprintfBox                                         isrt.obl(MsgBox.obs)
489  SprintfMsiLog                                      iswi.obl(HelperFuncs.obs)
490  StrAddLastSlash                                    isrt.obl(Str.obs)
491  StrDelete                                          iswi.obl(HelperFuncs.obs)
492  StrFindEx                                          isrt.obl(Str.obs)
493  StrGetTokens                                       isrt.obl(Str.obs)
494  StrLength                                          isrt.obl(Str.obs)
495  StrParseMSIMessage                                 isrt.obl(Str.obs)
496  StrRemoveLastSlash                                 isrt.obl(Str.obs)
497  StrRemoveSpaces                                    isrt.obl(Str.obs)
498  StrReplace                                         isrt.obl(Str.obs)
499  StrToNumHex                                        isrt.obl(Str.obs)
500  StrToUpper                                         isrt.obl(Str.obs)
501  SysVarsInit                                        isrt.obl(SysVars.obs)
502  SysVarsInitConv                                    iswi.obl(SysVarsConv.obs)
503  SysVarsTrace                                       isrt.obl(SysVars.obs)
504  SysVarsUnInit                                      iswi.obl(SysVarsConv.obs)
505  System                                             isrt.obl(Misc.obs)
506  SystemRestoreCancelRestorePointIS                  isrt.obl(PCRestore.obs)
507  SystemRestoreCloseRestorePointIS                   isrt.obl(PCRestore.obs)
508  SystemRestoreDisableIS                             isrt.obl(PCRestore.obs)
509  SystemRestoreIsEnabledIS                           isrt.obl(PCRestore.obs)
510  SystemRestoreOpenRestorePointIS                    isrt.obl(PCRestore.obs)
511  TextSubGetValue                                    isrt.obl(TextSub.obs)
512  TextSubParseTextSub                                isrt.obl(TextSub.obs)
513  TextSubSetValue                                    isrt.obl(TextSub.obs)
514  TreeViewCreate                                     isrt.obl(CmptView.obs)
515  USER.EnableWindow                                  setup.obs
516  USER.GetClassName                                  setup.obs
517  USER.GetDC                                         setup.obs
518  USER.GetDlgItem                                    setup.obs
519  USER.GetFocus                                      setup.obs
520  USER.GetWindowLong                                 setup.obs
521  USER.GetWindowRect                                 setup.obs
522  USER.IsIconic                                      setup.obs
523  USER.IsWindow                                      setup.obs
524  USER.IsWindowVisible                               setup.obs
525  USER.ReleaseDC                                     setup.obs
526  USER.SendMessageA                                  setup.obs
527  USER.SetFocus                                      setup.obs
528  USER.SetForegroundWindow                           setup.obs
529  USER.SetWindowPos                                  setup.obs
530  USER.SetWindowText                                 setup.obs
531  USER.ShowWindow                                    setup.obs
532  USER32.CharUpperBuffA                              setup.obs
533  USER32.FindWindowA                                 setup.obs
534  USER32.GetDesktopWindow                            setup.obs
535  USER32.GetDlgItem                                  iswi.obl(SdDiskReqs.obs)
536  USER32.GetSystemMetrics                            setup.obs
537  USER32.GetWindowRect                               iswi.obl(SdDiskReqs.obs)
538  USER32.GetWindowText                               setup.obs
539  USER32.GetWindowTextLength                         setup.obs
540  USER32.MessageBoxA                                 setup.obs
541  USER32.SendMessageA                                setup.obs
542  USER32.SetWindowLong                               setup.obs
543  USER32.SetWindowRgn                                setup.obs
544  UnregisterReference                                setup.obs
545  UpdateDirectoryPathForIsMsiEeui                    iswi.obl(HelperFuncs.obs)
546  UpdateServiceEnableUpdateService                   isrt.obl(ISUpdateService.obs)
547  User32.DestroyWindow                               iswi.obl(SdDiskReqs.obs)
548  User32.LoadStringA                                 iswi.obl(ComponentConv.obs)
549  VarInit                                            isrt.obl(SysVars.obs)
550  VarRestore                                         iswi.obl(SysVarsConv.obs)
551  VarRestoreISRT                                     isrt.obl(SysVars.obs)
552  VarSave                                            iswi.obl(SysVarsConv.obs)
553  VarSaveISRT                                        isrt.obl(SysVars.obs)
554  VerCompare                                         isrt.obl(version.obs)
555  VerProductGetInstalledVersion                      isrt.obl(version.obs)
556  VerProductNumToStr                                 isrt.obl(version.obs)
557  VerProductVerPartsFromVer                          isrt.obl(version.obs)
558  WaitOnDialog                                       isrt.obl(CustomDialog.obs)
559  WriteLine                                          isrt.obl(Files.obs)
560  YahooGetInstallState                               isrt.obl(ISYahooToolbar.obs)
561  __AddIntegerToArray                                iswi.obl(HelperFuncs.obs)
562  __AddStringToArray                                 iswi.obl(HelperFuncs.obs)
563  __Begin                                            iswi.obl(DriverConv.obs)
564  __ComponentListItemsEx                             iswi.obl(CompHelperFuncs.obs)
565  __ComponentListItemsExInstall                      iswi.obl(CompHelperFuncs.obs)
566  __ComponentListItemsExUnInstall                    iswi.obl(CompHelperFuncs.obs)
567  __ComponentMoveXferData                            iswi.obl(CompHelperFuncs.obs)
568  __End                                              iswi.obl(DriverConv.obs)
569  __GetFinishMode                                    iswi.obl(ISWiInit.obs)
570  __GetMsiHandle                                     iswi.obl(SysVarsConv.obs)
571  __GetSourceDir                                     iswi.obl(SysVarsConv.obs)
572  __HandleError                                      iswi.obl(ErrHandler.obs)
573  __ISRTDoExit                                       isrt.obl(Misc.obs)
574  __ISRTInit                                         isrt.obl(ISRTInit.obs)
575  __ISRTRestoreMainLog                               isrt.obl(ISRTInit.obs)
576  __ISRTRestoreMainLogEx                             isrt.obl(ISRTInit.obs)
577  __ISRTSetComponentLog                              isrt.obl(ISRTInit.obs)
578  __ISRTUnInit                                       isrt.obl(ISRTInit.obs)
579  __ISWIInit                                         iswi.obl(ISWiInit.obs)
580  __ISWIMsiHandle                                    iswi.obl(ISWiInit.obs)
581  __ISWIUnInit                                       iswi.obl(ISWiInit.obs)
582  __IsArrayEmpty                                     iswi.obl(HelperFuncs.obs)
583  __LoadIScriptString                                isrt.obl(LoadStr.obs)
584  __Moved                                            iswi.obl(FileTransferFuncsConv.obs)
585  __Moving                                           iswi.obl(FileTransferFuncsConv.obs)
586  __MsiOpenView                                      iswi.obl(CompHelperFuncs.obs)
587  __MsiQueryFeatureState                             iswi.obl(MsiWrappersConv.obs)
588  __MsiRecordGetString                               iswi.obl(MsiWrappersConv.obs)
589  __OnAbort                                          iswi.obl(DriverConv.obs)
590  __OnAdminPatch                                     iswi.obl(DriverConv.obs)
591  __OnAdministrativeInstall                          iswi.obl(DriverConv.obs)
592  __OnAdvertisement                                  iswi.obl(DriverConv.obs)
593  __OnBegin                                          iswi.obl(DriverConv.obs)
594  __OnCanceling                                      iswi.obl(DriverConv.obs)
595  __OnEnd                                            iswi.obl(DriverConv.obs)
596  __OnError                                          iswi.obl(DriverConv.obs)
597  __OnMsiMaintenance                                 iswi.obl(DriverConv.obs)
598  __OnMsiRebooted                                    iswi.obl(DriverConv.obs)
599  __OnMsiSilentInstall                               iswi.obl(DriverConv.obs)
600  __OnMsiUninstall                                   iswi.obl(DriverConv.obs)
601  __OnPatch                                          iswi.obl(DriverConv.obs)
602  __OnResume                                         iswi.obl(DriverConv.obs)
603  __OnWarning                                        iswi.obl(DriverConv.obs)
604  __ResetMsiObject                                   iswi.obl(ISWiInit.obs)
605  __SetMaintenance                                   iswi.obl(ISWiInit.obs)
606  __SetMsiHandle                                     iswi.obl(SysVarsConv.obs)
607  __SetMsiServer                                     iswi.obl(ISWiInit.obs)
608  __SetPatch                                         iswi.obl(SysVarsConv.obs)
609  __SetSourceDir                                     iswi.obl(SysVarsConv.obs)
610  isrt._ComponentGetData                             iswi.obl(ComponentConv.obs)
611  isrt._ComponentIsItemSelected                      iswi.obl(ComponentConv.obs)
612  isrt._ComponentListItems                           iswi.obl(ComponentConv.obs)
613  isrt._ComponentReinstall                           iswi.obl(ComponentConv.obs)
614  isrt._ComponentRemoveAll                           iswi.obl(ComponentConv.obs)
615  isrt._ComponentSelectItem                          iswi.obl(ComponentConv.obs)
616  isrt._ComponentSetupTypeSet                        iswi.obl(ComponentConv.obs)
617  isrt._EnableDialogCache                            iswi.obl(ISWiInit.obs)
618  kernel32.GetLocalTime                              iswi.obl(ErrHandler.obs)
619  kernel32.GetWindowsDirectoryA                      iswi.obl(ErrHandler.obs)
620  msi.MsiCloseHandle                                 iswi.obl(RedirectedMsiFuncsConv.obs)
621  msi.MsiCreateRecord                                iswi.obl(RedirectedMsiFuncsConv.obs)
622  msi.MsiDatabaseOpenViewA                           setup.obs
623  msi.MsiDoActionA                                   setup.obs
624  msi.MsiGetActiveDatabase                           iswi.obl(RedirectedMsiFuncsConv.obs)
625  msi.MsiGetProductInfoA                             setup.obs
626  msi.MsiGetPropertyA                                setup.obs
627  msi.MsiGetSourcePathA                              setup.obs
628  msi.MsiGetTargetPathA                              setup.obs
629  msi.MsiOpenDatabaseA                               setup.obs
630  msi.MsiProcessMessage                              iswi.obl(RedirectedMsiFuncsConv.obs)
631  msi.MsiQueryFeatureStateA                          setup.obs
632  msi.MsiRecordGetInteger                            iswi.obl(RedirectedMsiFuncsConv.obs)
633  msi.MsiRecordGetStringA                            setup.obs
634  msi.MsiRecordSetStringA                            setup.obs
635  msi.MsiSetPropertyA                                setup.obs
636  msi.MsiSetTargetPathA                              setup.obs
637  msi.MsiViewExecute                                 iswi.obl(RedirectedMsiFuncsConv.obs)
638  msi.MsiViewFetch                                   iswi.obl(RedirectedMsiFuncsConv.obs)
639  program                                            iswi.obl(DriverConv.obs)
640  sfc.SRSetRestorePoint                              setup.obs


***** External Variables *****
1    ADDREMOVE                                          iswi.obl(SysVarsConv.obs)
2    ADDREMOVE_COMBINEDBUTTON                           setup.obs
3    ADDREMOVE_HIDECHANGEOPTION                         setup.obs
4    ADDREMOVE_HIDEREMOVEOPTION                         setup.obs
5    ADDREMOVE_HIDEREPAIROPTION                         setup.obs
6    ADDREMOVE_STRING_REMOVEONLY                        setup.obs
7    ADDREMOVE_SYSTEMCOMPONENT                          setup.obs
8    ADMINUSER                                          setup.obs
9    ALLUSERS                                           setup.obs
10   AdminToolsFolder                                   iswi.obl(DebugSymbolsConv.obs)
11   AppDataFolder                                      iswi.obl(DebugSymbolsConv.obs)
12   BASICMSI                                           iswi.obl(SysVarsConv.obs)
13   BATCH_INSTALL                                      setup.obs
14   CMDLINE                                            iswi.obl(SysVarsConv.obs)
15   CMPTFILTERLANGOBJ                                  iswi.obl(CompHelperFuncs.obs)
16   COMMONFILES                                        iswi.obl(SysVarsConv.obs)
17   COMMONFILES64                                      iswi.obl(SysVarsConv.obs)
18   CommonAppDataFolder                                iswi.obl(DebugSymbolsConv.obs)
19   CommonFiles64Folder                                iswi.obl(DebugSymbolsConv.obs)
20   CommonFilesFolder                                  iswi.obl(DebugSymbolsConv.obs)
21   DISABLE_ALLUSERBTN                                 setup.obs
22   DISABLE_PERUSERBTN                                 setup.obs
23   DISK1SETUPEXENAME                                  iswi.obl(SysVarsConv.obs)
24   DISK1TARGET                                        setup.obs
25   DesktopFolder                                      iswi.obl(DebugSymbolsConv.obs)
26   ENABLED_ISERVICES                                  iswi.obl(SysVarsConv.obs)
27   ENGINECOMMONDIR                                    iswi.obl(SysVarsConv.obs)
28   ENGINEDIR                                          iswi.obl(SysVarsConv.obs)
29   ERRORFILENAME                                      setup.obs
30   ERRORINFO                                          iswi.obl(ComponentConv.obs)
31   Err                                                setup.obs
32   FEATURE                                            iswi.obl(ComponentConv.obs)
33   FILEERROR                                          iswi.obl(ComponentConv.obs)
34   FILETIME                                           setup.obs
35   FIND_DATA                                          setup.obs
36   FOLDER_APPDATA                                     iswi.obl(SysVarsConv.obs)
37   FOLDER_COMMON_APPDATA                              iswi.obl(SysVarsConv.obs)
38   FOLDER_DESKTOP                                     iswi.obl(SysVarsConv.obs)
39   FOLDER_DOTNET_10                                   iswi.obl(SysVarsConv.obs)
40   FOLDER_DOTNET_11                                   iswi.obl(SysVarsConv.obs)
41   FOLDER_DOTNET_20                                   iswi.obl(SysVarsConv.obs)
42   FOLDER_DOTNET_30                                   iswi.obl(SysVarsConv.obs)
43   FOLDER_DOTNET_35                                   iswi.obl(SysVarsConv.obs)
44   FOLDER_FONTS                                       iswi.obl(SysVarsConv.obs)
45   FOLDER_LOCAL_APPDATA                               iswi.obl(SysVarsConv.obs)
46   FOLDER_PERSONAL                                    iswi.obl(SysVarsConv.obs)
47   FOLDER_PROGRAMS                                    iswi.obl(SysVarsConv.obs)
48   FOLDER_STARTMENU                                   iswi.obl(SysVarsConv.obs)
49   FOLDER_STARTUP                                     iswi.obl(SysVarsConv.obs)
50   FOLDER_TEMP                                        iswi.obl(SysVarsConv.obs)
51   FavoritesFolder                                    iswi.obl(DebugSymbolsConv.obs)
52   FileRegistrar                                      setup.obs
53   FontsFolder                                        iswi.obl(DebugSymbolsConv.obs)
54   HIDE_DISABLED_BTNS                                 setup.obs
55   HKEYCURRENTROOTKEY                                 setup.obs
56   IFX_COMPANY_NAME                                   setup.obs
57   IFX_INSTALLED_DISPLAY_VERSION                      setup.obs
58   IFX_INSTALLED_VERSION                              setup.obs
59   IFX_KEYPATH_PRODUCT_INFO                           setup.obs
60   IFX_MULTI_INSTANCE_SUFFIX                          setup.obs
61   IFX_NETAPI_GROUP                                   setup.obs
62   IFX_NETAPI_PASSWORD                                setup.obs
63   IFX_NETAPI_USER_ACCOUNT                            setup.obs
64   IFX_OPEN_RESTORE_POINT                             isrt.obl(PCRestore.obs)
65   IFX_PRODUCT_COMMENTS                               setup.obs
66   IFX_PRODUCT_DISPLAY_NAME                           setup.obs
67   IFX_PRODUCT_DISPLAY_VERSION                        setup.obs
68   IFX_PRODUCT_ICON                                   setup.obs
69   IFX_PRODUCT_KEY                                    setup.obs
70   IFX_PRODUCT_NAME                                   setup.obs
71   IFX_PRODUCT_README                                 setup.obs
72   IFX_PRODUCT_REGISTEREDCOMPANY                      setup.obs
73   IFX_PRODUCT_REGISTEREDOWNER                        setup.obs
74   IFX_PRODUCT_REGISTEREDSERIALNUM                    setup.obs
75   IFX_PRODUCT_SUPPORT_CONTACT                        setup.obs
76   IFX_PRODUCT_SUPPORT_PHONE                          setup.obs
77   IFX_PRODUCT_SUPPORT_URL                            setup.obs
78   IFX_PRODUCT_UPDATE_URL                             setup.obs
79   IFX_PRODUCT_URL                                    setup.obs
80   IFX_PRODUCT_VERSION                                setup.obs
81   IFX_RESTORE_DISABLED                               isrt.obl(PCRestore.obs)
82   IFX_SETUP_TITLE                                    setup.obs
83   IFX_SUPPORTED_VERSIONS                             setup.obs
84   IISROOTFOLDER                                      iswi.obl(SysVarsConv.obs)
85   INSTALLDIR                                         setup.obs
86   INSTALLSCRIPTMSI                                   iswi.obl(SysVarsConv.obs)
87   INSTALLSCRIPTMSIEEUI                               iswi.obl(SysVarsConv.obs)
88   INSTANCE_GUID                                      iswi.obl(SysVarsConv.obs)
89   ISDIFXAPPID                                        setup.obs
90   ISMSI_HANDLE                                       iswi.obl(DebugSymbolsConv.obs)
91   ISRES                                              iswi.obl(SysVarsConv.obs)
92   ISUSER                                             iswi.obl(SysVarsConv.obs)
93   ISUTIL_FUNCTION_ACTUAL_ERROR                       setup.obs
94   ISUTIL_FUNCTION_ERROR                              iswi.obl(CompHelperFuncs.obs)
95   ISUTIL_LINE_NUMBER                                 setup.obs
96   ISUTIL_POSITIVE_ERROR                              iswi.obl(CompHelperFuncs.obs)
97   ISUTIL_SCRIPT_FILE                                 setup.obs
98   ISVERSION                                          iswi.obl(SysVarsConv.obs)
99   IS_INSTALL_YAHOO_TOOLBAR                           setup.obs
100  IS_SET_YAHOO_AS_DEFAULT_SEARCH                     setup.obs
101  IS_VENDOR_CODE                                     setup.obs
102  LAAW_PARAMETERS                                    setup.obs
103  LAAW_SHELLEXECUTEINFO                              setup.obs
104  LAAW_SHELLEXECUTEVERB                              setup.obs
105  LAAW_STARTUPINFO                                   setup.obs
106  LAST_RESULT                                        setup.obs
107  LVITEM                                             iswi.obl(SdDiskReqs.obs)
108  LV_COLUMN                                          iswi.obl(SdDiskReqs.obs)
109  LocalAppDataFolder                                 iswi.obl(DebugSymbolsConv.obs)
110  LogDB                                              setup.obs
111  MAINTENANCE                                        iswi.obl(SysVarsConv.obs)
112  MAINT_OPTION                                       iswi.obl(SysVarsConv.obs)
113  MEDIA                                              setup.obs
114  MEDIA_INFO                                         iswi.obl(FeatureConv.obs)
115  MODE                                               setup.obs
116  MULTI_INSTANCE_COUNT                               iswi.obl(SysVarsConv.obs)
117  MainWindow                                         setup.obs
118  MyPicturesFolder                                   iswi.obl(DebugSymbolsConv.obs)
119  NOTHING                                            setup.obs
120  NetHoodFolder                                      iswi.obl(DebugSymbolsConv.obs)
121  OSINFO_PLATFORM_INFO                               setup.obs
122  OSINFO_PROCESSOR_INFO                              setup.obs
123  OSVERSIONINFO                                      setup.obs
124  OSVERSIONINFOEX                                    setup.obs
125  Objects                                            setup.obs
126  OriginalDatabase                                   iswi.obl(DebugSymbolsConv.obs)
127  PACKAGE_LOCATION                                   iswi.obl(SysVarsConv.obs)
128  PATCH                                              iswi.obl(DebugSymbolsConv.obs)
129  PRIVILEGED                                         setup.obs
130  PRODUCT_GUID                                       iswi.obl(SysVarsConv.obs)
131  PROGRAMFILES                                       iswi.obl(SysVarsConv.obs)
132  PROGRAMFILES64                                     iswi.obl(SysVarsConv.obs)
133  PersonalFolder                                     iswi.obl(DebugSymbolsConv.obs)
134  PrintHoodFolder                                    iswi.obl(DebugSymbolsConv.obs)
135  ProgramFiles64Folder                               iswi.obl(DebugSymbolsConv.obs)
136  ProgramFilesFolder                                 iswi.obl(DebugSymbolsConv.obs)
137  ProgramMenuFolder                                  iswi.obl(DebugSymbolsConv.obs)
138  RECT                                               setup.obs
139  REGDB_OPTIONS                                      setup.obs
140  REINSTALLMODE                                      iswi.obl(SysVarsConv.obs)
141  REMOVEALLMODE                                      iswi.obl(SysVarsConv.obs)
142  REMOVEONLY                                         iswi.obl(SysVarsConv.obs)
143  RUN_ONCE_PROGRAM                                   iswi.obl(SysVarsConv.obs)
144  Reboot                                             setup.obs
145  RecentFolder                                       iswi.obl(DebugSymbolsConv.obs)
146  SELECTED_LANGUAGE                                  iswi.obl(SysVarsConv.obs)
147  SERVICE_IS_PARAMS                                  setup.obs
148  SETUPTYPE_STR_COMPACT                              setup.obs
149  SETUPTYPE_STR_COMPLETE                             setup.obs
150  SETUPTYPE_STR_CUSTOM                               setup.obs
151  SETUPTYPE_STR_TYPICAL                              setup.obs
152  SHAREDSUPPORTDIR                                   iswi.obl(SysVarsConv.obs)
153  SHELLEXECUTEINFO                                   setup.obs
154  SHELL_OBJECT_FOLDER                                setup.obs
155  SHOW_PASSWORD_DIALOG                               iswi.obl(SysVarsConv.obs)
156  SRCDIR                                             setup.obs
157  SRCDISK                                            iswi.obl(SysVarsConv.obs)
158  STARTUPINFO                                        setup.obs
159  SUPPORTDIR                                         iswi.obl(SysVarsConv.obs)
160  SYSTEMTIME                                         setup.obs
161  SYSTEMTIME2                                        iswi.obl(ErrHandler.obs)
162  SendToFolder                                       iswi.obl(DebugSymbolsConv.obs)
163  SetupInfo                                          setup.obs
164  SourceDir                                          iswi.obl(DebugSymbolsConv.obs)
165  StartMenuFolder                                    iswi.obl(DebugSymbolsConv.obs)
166  StartupFolder                                      iswi.obl(DebugSymbolsConv.obs)
167  StatusDlg                                          setup.obs
168  System16Folder                                     iswi.obl(DebugSymbolsConv.obs)
169  System64Folder                                     iswi.obl(DebugSymbolsConv.obs)
170  SystemFolder                                       iswi.obl(DebugSymbolsConv.obs)
171  TARGETDIR                                          setup.obs
172  TARGETDISK                                         iswi.obl(SysVarsConv.obs)
173  TempFolder                                         iswi.obl(DebugSymbolsConv.obs)
174  TemplateFolder                                     iswi.obl(DebugSymbolsConv.obs)
175  TextSub                                            setup.obs
176  UNINST                                             setup.obs
177  UNINSTALLKEY                                       setup.obs
178  UNINSTALL_DISPLAYNAME                              setup.obs
179  UNINSTALL_STRING                                   setup.obs
180  UPDATEMODE                                         setup.obs
181  WINDIR                                             iswi.obl(SysVarsConv.obs)
182  WINDISK                                            iswi.obl(SysVarsConv.obs)
183  WINSYSDIR                                          iswi.obl(SysVarsConv.obs)
184  WINSYSDIR64                                        iswi.obl(SysVarsConv.obs)
185  WINSYSDISK                                         iswi.obl(SysVarsConv.obs)
186  WindowsFolder                                      iswi.obl(DebugSymbolsConv.obs)
187  WindowsVolume                                      iswi.obl(DebugSymbolsConv.obs)
188  _INT64                                             setup.obs
189  _LAAW_PARAMETERS                                   setup.obs
190  _RESTOREPOINTINFO                                  setup.obs
191  _SERVICE_IS_PARAMS                                 setup.obs
192  _STATEMGRSTATUS                                    setup.obs
193  _WIN9X                                             setup.obs
194  _WINNT                                             setup.obs
195  __SYSTEMINFORMATION                                setup.obs
196  __SYSTEMPROCESSORINFORMATION                       setup.obs
197  __gbAliasingOff                                    iswi.obl(CompHelperFuncs.obs)
198  __gbCheckForUpdate                                 iswi.obl(CompHelperFuncs.obs)
199  __gbGetTarget                                      iswi.obl(CompHelperFuncs.obs)
200  __gbInitialized                                    iswi.obl(CompHelperFuncs.obs)
201  __gbInstallInfo                                    setup.obs
202  __gbMaintenance                                    iswi.obl(CompHelperFuncs.obs)
203  __gbReopening                                      iswi.obl(CompHelperFuncs.obs)
204  __ghActiveDataBase                                 iswi.obl(CompHelperFuncs.obs)
205  __ghErrFileHandle                                  iswi.obl(CompHelperFuncs.obs)
206  __ghMsiInstall                                     iswi.obl(CompHelperFuncs.obs)
207  __gnButtonSelected                                 iswi.obl(CompHelperFuncs.obs)
208  __gnLastError                                      iswi.obl(CompHelperFuncs.obs)
209  __gnMsiReturn                                      iswi.obl(CompHelperFuncs.obs)
210  __gnOSMask                                         iswi.obl(CompHelperFuncs.obs)
211  __gnScriptMode                                     iswi.obl(CompHelperFuncs.obs)
212  __goISDriver                                       iswi.obl(CompHelperFuncs.obs)
213  __goLanguageFilter                                 iswi.obl(CompHelperFuncs.obs)
214  __goMsiServer                                      iswi.obl(CompHelperFuncs.obs)
215  __gsINSTALLDIR                                     iswi.obl(CompHelperFuncs.obs)
216  __gsProductGuid                                    iswi.obl(CompHelperFuncs.obs)
217  __gsSourceDir                                      iswi.obl(CompHelperFuncs.obs)
218  __hContext                                         iswi.obl(CompHelperFuncs.obs)
219  __objGlobalTextSub                                 setup.obs
220  __objStringTable                                   iswi.obl(ISWiInit.obs)
221  __szGUID                                           isrt.obl(ISRTInit.obs)
222  bBackButton                                        setup.obs
223  bCancelButton                                      setup.obs
224  bEnterDiskBeep                                     iswi.obl(AdminAskPath.obs)
225  bFinishButton                                      setup.obs
226  bInstall16                                         setup.obs
227  bNextButton                                        setup.obs
228  bSdInit                                            setup.obs
229  bViewCmptKunits                                    setup.obs
230  bViewCmptUseDecimal                                setup.obs
231  g_bSuppressMissingStringWarning                    iswi.obl(DriverConv.obs)
232  szAppKey                                           setup.obs
233  szSdProduct                                        setup.obs
234  szSdStr_NotEnoughSpace                             setup.obs
